// Jest Snapshot v1, https://goo.gl/fbAQLP

exports[`<ArrowButton /> with custom element 1`] = `
.c0 {
  cursor: pointer;
  text-decoration: none;
}

.c2 {
  fill: currentColor;
}

.c1 {
  -webkit-transform: rotate(180deg);
  -ms-transform: rotate(180deg);
  transform: rotate(180deg);
}

<ArrowButton
  element={[Function]}
  to="https://www.google.com"
>
  <Anchor
    element={[Function]}
    to="https://www.google.com"
  >
    <Styled(AnchorComponent)
      element={[Function]}
      target="_blank"
      to="https://www.google.com"
      variant="standard"
    >
      <AnchorComponent
        className="c0"
        element={[Function]}
        target="_blank"
        to="https://www.google.com"
        variant="standard"
      >
        <El
          className="c0"
          element={[Function]}
          target="_blank"
          to="https://www.google.com"
          variant="standard"
        >
          <abbr
            title="https://www.google.com"
          >
            <Styled(Styled(BackArrow))
              height="18"
              width="18"
            >
              <Styled(BackArrow)
                className="c1"
                height="18"
                width="18"
              >
                <BackArrow
                  className="c1 c2"
                  height="18"
                  width="18"
                >
                  <svg
                    className="c1 c2"
                    height="18"
                    viewBox="0 0 20 20"
                    width="18"
                  >
                    <path
                      d="M1.71 10L10 1.71l.71.7L3.62 9.5H18.5v1H3.62l7.09 7.09-.71.7L1.71 10z"
                    />
                    <path
                      d="M18 10H2.41l1.71 1.71L10 17.59 2.41 10H18m-8-9l-9 9 9 9 1.41-1.41L4.83 11H19V9H4.83l6.59-6.59L10 1z"
                    />
                  </svg>
                </BackArrow>
              </Styled(BackArrow)>
            </Styled(Styled(BackArrow))>
          </abbr>
        </El>
      </AnchorComponent>
    </Styled(AnchorComponent)>
  </Anchor>
</ArrowButton>
`;

exports[`<ArrowButton /> with initial props 1`] = `
<Anchor
  external={true}
  href="/magazine"
>
  <Styled(Styled(BackArrow))
    height="18"
    width="18"
  />
</Anchor>
`;
