// Jest Snapshot v1, https://goo.gl/fbAQLP

exports[`<Tag /> with initial props 1`] = `
.c2 {
  margin-bottom: 20px;
  -webkit-text-decoration: none;
  text-decoration: none;
  font-size: 14px;
  line-height: 1.12;
}

.c1 {
  display: inline;
  margin: 0;
  line-height: 18px;
}

.c0 {
  display: -webkit-inline-box;
  display: -webkit-inline-flex;
  display: -ms-inline-flexbox;
  display: inline-flex;
  padding: 0 5px;
  height: 24px;
  -webkit-align-items: center;
  -webkit-box-align: center;
  -ms-flex-align: center;
  align-items: center;
}

<Tag
  element="span"
  variant="theme"
>
  <Wrapper
    variant="theme"
  >
    <div
      className="c0"
    >
      <StyledTextPrimitive
        color="white"
        element="span"
        size="tiny"
        weight="bold"
      >
        <TextPrimitive
          className="c1"
          color="white"
          element="span"
          size="tiny"
          weight="bold"
        >
          <Paragraph
            className="c1"
            color="white"
            element="span"
            size="tiny"
            spacing="md"
            underline={false}
            weight="bold"
          >
            <Primitive
              className="c1 c2"
              color="white"
              element="span"
              size="tiny"
              spacing="md"
              underline={false}
              weight="bold"
            >
              <span
                className="c1 c2"
              >
                Children
              </span>
            </Primitive>
          </Paragraph>
        </TextPrimitive>
      </StyledTextPrimitive>
    </div>
  </Wrapper>
</Tag>
`;
