// Jest Snapshot v1, https://goo.gl/fbAQLP

exports[`<HtmlWrapper /> with initial props 1`] = `
<styled.span
  dangerouslySetInnerHTML={
    Object {
      "__html": "<p>This is just a single paragraph of text</p>",
    }
  }
/>
`;
