// Jest Snapshot v1, https://goo.gl/fbAQLP

exports[`<DottedList /> with initial props 1`] = `
.c0 {
  padding: 0;
  list-style: none;
}

.c1 {
  display: inline-block;
}

.c1:not(:last-child)::after {
  content: '‚óè';
  margin: 0 5px;
}

<List>
  <ul
    className="c0"
  >
    <ListItem>
      <li
        className="c1"
      >
        First item
      </li>
    </ListItem>
    <ListItem>
      <li
        className="c1"
      >
        Second item
      </li>
    </ListItem>
    <ListItem>
      <li
        className="c1"
      >
        Third item
      </li>
    </ListItem>
    <ListItem>
      <li
        className="c1"
      >
        Forth item
      </li>
    </ListItem>
  </ul>
</List>
`;
