// Jest Snapshot v1, https://goo.gl/fbAQLP

exports[`<VerticalSeparator /> with initial props 1`] = `
<VerticalSeparatorComponent
  render={[Function]}
/>
`;
