// Jest Snapshot v1, https://goo.gl/fbAQLP

exports[`<StickyButtonContainer /> with initial props 1`] = `
<StickyButtonContainer>
  <div />
</StickyButtonContainer>
`;
