// Jest Snapshot v1, https://goo.gl/fbAQLP

exports[`<Box /> with initial props 1`] = `
.c0 {
  padding: 0 20px;
}

@media (min-width:568px) {
  .c0 {
    padding: 0 50px;
  }
}

<Box>
  <StyledBox>
    <div
      className="c0"
    >
      <span>
        This is some content.
      </span>
    </div>
  </StyledBox>
</Box>
`;
