// Jest Snapshot v1, https://goo.gl/fbAQLP

exports[`<ExampleComponent /> with initial props 1`] = `
<ExampleComponent>
  <div />
</ExampleComponent>
`;
