// Jest Snapshot v1, https://goo.gl/fbAQLP

exports[`renders correctly 1`] = `
.c0 {
  color: red;
}

<ExampleComponent
  name="Ben"
>
  <styled.div>
    <div
      className="c0"
    >
      Hi 
      Ben
      .
    </div>
  </styled.div>
</ExampleComponent>
`;
