// Jest Snapshot v1, https://goo.gl/fbAQLP

exports[`<LoginButton /> with initial props 1`] = `
<LoginButton>
  <div />
</LoginButton>
`;
