// Jest Snapshot v1, https://goo.gl/fbAQLP

exports[`<QuantityButton /> with initial props 1`] = `
<QuantityButton>
  <div />
</QuantityButton>
`;
