// Jest Snapshot v1, https://goo.gl/fbAQLP

exports[`<Separator /> with initial props 1`] = `
<Separator>
  <div />
</Separator>
`;
