// Jest Snapshot v1, https://goo.gl/fbAQLP

exports[`<FacebookButton /> with initial props 1`] = `
<FacebookButton>
  <div />
</FacebookButton>
`;
